// Jest Snapshot v1, https://goo.gl/fbAQLP

exports[`PositionValue #fees when price is above the position range gas 1`] = `49900`;

exports[`PositionValue #fees when price is below the position range gas 1`] = `49868`;

exports[`PositionValue #fees when price is within the position range gas 1`] = `55436`;

exports[`PositionValue #principal gas 1`] = `23024`;

exports[`PositionValue #total gas 1`] = `62020`;
